// Jest Snapshot v1, https://goo.gl/fbAQLP

exports[`Simple Sourcemaps Upload (one string include + default options) uploads the correct files using esbuild 1`] = `
Array [
  Object {
    "content": "\\"use strict\\";var e=o=>{if(o===3)throw new Error(\\"I'm an uncaught error\\");return o<=1?o:e(o-1)+e(o-2)};var i=typeof window<\\"u\\"?window:typeof global<\\"u\\"?global:typeof self<\\"u\\"?self:{};i.SENTRY_RELEASE={id:\\"basic-upload-esbuild\\"};console.log(\\"Hi, I'm a very simple app\\");e(10);console.log(\\"I'm done\\");
//# sourceMappingURL=index.js.map
",
    "name": "~/index.js",
  },
  Object {
    "content": "{\\"version\\":3,\\"sources\\":[\\"../../input/fib.js\\",\\"../../input/index.js\\"],\\"sourcesContent\\":[\\"export const fibonacci = (n) => {\\\\n  if (n === 3) {\\\\n    throw new Error(\\\\\\"I'm an uncaught error\\\\\\");\\\\n  }\\\\n  if (n <= 1) {\\\\n    return n;\\\\n  }\\\\n  return fibonacci(n - 1) + fibonacci(n - 2);\\\\n};\\\\n\\",\\"\\\\n    var _global =\\\\n      typeof window !== 'undefined' ?\\\\n        window :\\\\n        typeof global !== 'undefined' ?\\\\n          global :\\\\n          typeof self !== 'undefined' ?\\\\n            self :\\\\n            {};\\\\n\\\\n    _global.SENTRY_RELEASE={id:\\\\\\"basic-upload-esbuild\\\\\\"};import { fibonacci } from \\\\\\"./fib\\\\\\";\\\\nconsole.log(\\\\\\"Hi, I'm a very simple app\\\\\\");\\\\n\\\\nfibonacci(10);\\\\n\\\\nconsole.log(\\\\\\"I'm done\\\\\\");\\\\n\\"],\\"names\\":[],\\"mappings\\":\\"aAAO,GAAM,GAAY,AAAC,GAAM,CAC9B,GAAI,IAAM,EACR,KAAM,IAAI,OAAM,uBAAuB,EAEzC,MAAI,IAAK,EACA,EAEF,EAAU,EAAI,CAAC,EAAI,EAAU,EAAI,CAAC,CAC3C,ECPI,GAAI,GACF,MAAO,QAAW,IAChB,OACA,MAAO,QAAW,IAChB,OACA,MAAO,MAAS,IACd,KACA,CAAC,EAET,EAAQ,eAAe,CAAC,GAAG,sBAAsB,EACrD,QAAQ,IAAI,2BAA2B,EAEvC,EAAU,EAAE,EAEZ,QAAQ,IAAI,UAAU\\"}",
    "name": "~/index.js.map",
  },
]
`;

exports[`Simple Sourcemaps Upload (one string include + default options) uploads the correct files using rollup 1`] = `
Array [
  Object {
    "content": "'use strict';

const fibonacci = (n) => {
  if (n === 3) {
    throw new Error(\\"I'm an uncaught error\\");
  }
  if (n <= 1) {
    return n;
  }
  return fibonacci(n - 1) + fibonacci(n - 2);
};

var _global =
      typeof window !== 'undefined' ?
        window :
        typeof global !== 'undefined' ?
          global :
          typeof self !== 'undefined' ?
            self :
            {};

    _global.SENTRY_RELEASE={id:\\"basic-upload-rollup\\"};console.log(\\"Hi, I'm a very simple app\\");

fibonacci(10);

console.log(\\"I'm done\\");
//# sourceMappingURL=index.js.map
",
    "name": "~/index.js",
  },
  Object {
    "content": "{\\"version\\":3,\\"file\\":\\"index.js\\",\\"sources\\":[\\"../../input/fib.js\\",\\"../../input/index.js\\"],\\"sourcesContent\\":[\\"export const fibonacci = (n) => {\\\\n  if (n === 3) {\\\\n    throw new Error(\\\\\\"I'm an uncaught error\\\\\\");\\\\n  }\\\\n  if (n <= 1) {\\\\n    return n;\\\\n  }\\\\n  return fibonacci(n - 1) + fibonacci(n - 2);\\\\n};\\\\n\\",\\"import { fibonacci } from \\\\\\"./fib\\\\\\";\\\\nconsole.log(\\\\\\"Hi, I'm a very simple app\\\\\\");\\\\n\\\\nfibonacci(10);\\\\n\\\\nconsole.log(\\\\\\"I'm done\\\\\\");\\\\n\\"],\\"names\\":[],\\"mappings\\":\\";;AAAO,MAAM,SAAS,GAAG,CAAC,CAAC,KAAK;AAChC,EAAE,IAAI,CAAC,KAAK,CAAC,EAAE;AACf,IAAI,MAAM,IAAI,KAAK,CAAC,uBAAuB,CAAC,CAAC;AAC7C,GAAG;AACH,EAAE,IAAI,CAAC,IAAI,CAAC,EAAE;AACd,IAAI,OAAO,CAAC,CAAC;AACb,GAAG;AACH,EAAE,OAAO,SAAS,CAAC,CAAC,GAAG,CAAC,CAAC,GAAG,SAAS,CAAC,CAAC,GAAG,CAAC,CAAC,CAAC;AAC7C,CAAC;;;;;;;;;;;ACRD,IAAA,OAAA,CAAA,cAAA,CAAA,CAAA,EAAA,CAAA,qBAAA,CAAA,CACA,OAAA,CAAA,GAAA,CAAA,2BAAA,CAAA,CAAA;AACA;AACA,SAAA,CAAA,EAAA,CAAA,CAAA;AACA;AACA,OAAA,CAAA,GAAA,CAAA,UAAA,CAAA\\"}",
    "name": "~/index.js.map",
  },
]
`;

exports[`Simple Sourcemaps Upload (one string include + default options) uploads the correct files using vite 1`] = `
Array [
  Object {
    "content": "\\"use strict\\";const o=e=>{if(e===3)throw new Error(\\"I'm an uncaught error\\");return e<=1?e:o(e-1)+o(e-2)};var i=typeof window<\\"u\\"?window:typeof global<\\"u\\"?global:typeof self<\\"u\\"?self:{};i.SENTRY_RELEASE={id:\\"basic-upload-vite\\"};console.log(\\"Hi, I'm a very simple app\\");o(10);console.log(\\"I'm done\\");
//# sourceMappingURL=index.js.map
",
    "name": "~/index.js",
  },
  Object {
    "content": "{\\"version\\":3,\\"file\\":\\"index.js\\",\\"sources\\":[\\"../../input/fib.js\\",\\"../../input/index.js\\"],\\"sourcesContent\\":[\\"export const fibonacci = (n) => {\\\\n  if (n === 3) {\\\\n    throw new Error(\\\\\\"I'm an uncaught error\\\\\\");\\\\n  }\\\\n  if (n <= 1) {\\\\n    return n;\\\\n  }\\\\n  return fibonacci(n - 1) + fibonacci(n - 2);\\\\n};\\\\n\\",\\"import { fibonacci } from \\\\\\"./fib\\\\\\";\\\\nconsole.log(\\\\\\"Hi, I'm a very simple app\\\\\\");\\\\n\\\\nfibonacci(10);\\\\n\\\\nconsole.log(\\\\\\"I'm done\\\\\\");\\\\n\\"],\\"names\\":[\\"fibonacci\\",\\"n\\",\\"_global\\"],\\"mappings\\":\\"aAAO,MAAMA,EAAaC,GAAM,CAC9B,GAAIA,IAAM,EACR,MAAM,IAAI,MAAM,uBAAuB,EAEzC,OAAIA,GAAK,EACAA,EAEFD,EAAUC,EAAI,CAAC,EAAID,EAAUC,EAAI,CAAC,CAC3C,kFCRAC,EAAA,eAAA,CAAA,GAAA,mBAAA,EACA,QAAA,IAAA,2BAAA,EAEAF,EAAA,EAAA,EAEA,QAAA,IAAA,UAAA\\"}",
    "name": "~/index.js.map",
  },
]
`;

exports[`Simple Sourcemaps Upload (one string include + default options) uploads the correct files using webpack4 1`] = `
Array [
  Object {
    "content": "!function(e,n){for(var r in n)e[r]=n[r]}(exports,function(e){var n={};function r(t){if(n[t])return n[t].exports;var o=n[t]={i:t,l:!1,exports:{}};return e[t].call(o.exports,o,o.exports,r),o.l=!0,o.exports}return r.m=e,r.c=n,r.d=function(e,n,t){r.o(e,n)||Object.defineProperty(e,n,{enumerable:!0,get:t})},r.r=function(e){\\"undefined\\"!=typeof Symbol&&Symbol.toStringTag&&Object.defineProperty(e,Symbol.toStringTag,{value:\\"Module\\"}),Object.defineProperty(e,\\"__esModule\\",{value:!0})},r.t=function(e,n){if(1&n&&(e=r(e)),8&n)return e;if(4&n&&\\"object\\"==typeof e&&e&&e.__esModule)return e;var t=Object.create(null);if(r.r(t),Object.defineProperty(t,\\"default\\",{enumerable:!0,value:e}),2&n&&\\"string\\"!=typeof e)for(var o in e)r.d(t,o,function(n){return e[n]}.bind(null,o));return t},r.n=function(e){var n=e&&e.__esModule?function(){return e.default}:function(){return e};return r.d(n,\\"a\\",n),n},r.o=function(e,n){return Object.prototype.hasOwnProperty.call(e,n)},r.p=\\"\\",r(r.s=0)}([function(e,n,r){\\"use strict\\";r.r(n);const t=e=>{if(3===e)throw new Error(\\"I'm an uncaught error\\");return e<=1?e:t(e-1)+t(e-2)};(\\"undefined\\"!=typeof window?window:\\"undefined\\"!=typeof global?global:\\"undefined\\"!=typeof self?self:{}).SENTRY_RELEASE={id:\\"basic-upload-webpack4\\"},console.log(\\"Hi, I'm a very simple app\\"),t(10),console.log(\\"I'm done\\")}]));
//# sourceMappingURL=index.js.map",
    "name": "~/index.js",
  },
  Object {
    "content": "{\\"version\\":3,\\"file\\":\\"index.js\\",\\"sources\\":[\\"webpack:///webpack/bootstrap\\",\\"webpack:///./scenarios/basic-upload/input/fib.js\\",\\"webpack:///./scenarios/basic-upload/input/index.js\\"],\\"sourcesContent\\":[\\" \\\\t// The module cache\\\\n \\\\tvar installedModules = {};\\\\n\\\\n \\\\t// The require function\\\\n \\\\tfunction __webpack_require__(moduleId) {\\\\n\\\\n \\\\t\\\\t// Check if module is in cache\\\\n \\\\t\\\\tif(installedModules[moduleId]) {\\\\n \\\\t\\\\t\\\\treturn installedModules[moduleId].exports;\\\\n \\\\t\\\\t}\\\\n \\\\t\\\\t// Create a new module (and put it into the cache)\\\\n \\\\t\\\\tvar module = installedModules[moduleId] = {\\\\n \\\\t\\\\t\\\\ti: moduleId,\\\\n \\\\t\\\\t\\\\tl: false,\\\\n \\\\t\\\\t\\\\texports: {}\\\\n \\\\t\\\\t};\\\\n\\\\n \\\\t\\\\t// Execute the module function\\\\n \\\\t\\\\tmodules[moduleId].call(module.exports, module, module.exports, __webpack_require__);\\\\n\\\\n \\\\t\\\\t// Flag the module as loaded\\\\n \\\\t\\\\tmodule.l = true;\\\\n\\\\n \\\\t\\\\t// Return the exports of the module\\\\n \\\\t\\\\treturn module.exports;\\\\n \\\\t}\\\\n\\\\n\\\\n \\\\t// expose the modules object (__webpack_modules__)\\\\n \\\\t__webpack_require__.m = modules;\\\\n\\\\n \\\\t// expose the module cache\\\\n \\\\t__webpack_require__.c = installedModules;\\\\n\\\\n \\\\t// define getter function for harmony exports\\\\n \\\\t__webpack_require__.d = function(exports, name, getter) {\\\\n \\\\t\\\\tif(!__webpack_require__.o(exports, name)) {\\\\n \\\\t\\\\t\\\\tObject.defineProperty(exports, name, { enumerable: true, get: getter });\\\\n \\\\t\\\\t}\\\\n \\\\t};\\\\n\\\\n \\\\t// define __esModule on exports\\\\n \\\\t__webpack_require__.r = function(exports) {\\\\n \\\\t\\\\tif(typeof Symbol !== 'undefined' && Symbol.toStringTag) {\\\\n \\\\t\\\\t\\\\tObject.defineProperty(exports, Symbol.toStringTag, { value: 'Module' });\\\\n \\\\t\\\\t}\\\\n \\\\t\\\\tObject.defineProperty(exports, '__esModule', { value: true });\\\\n \\\\t};\\\\n\\\\n \\\\t// create a fake namespace object\\\\n \\\\t// mode & 1: value is a module id, require it\\\\n \\\\t// mode & 2: merge all properties of value into the ns\\\\n \\\\t// mode & 4: return value when already ns object\\\\n \\\\t// mode & 8|1: behave like require\\\\n \\\\t__webpack_require__.t = function(value, mode) {\\\\n \\\\t\\\\tif(mode & 1) value = __webpack_require__(value);\\\\n \\\\t\\\\tif(mode & 8) return value;\\\\n \\\\t\\\\tif((mode & 4) && typeof value === 'object' && value && value.__esModule) return value;\\\\n \\\\t\\\\tvar ns = Object.create(null);\\\\n \\\\t\\\\t__webpack_require__.r(ns);\\\\n \\\\t\\\\tObject.defineProperty(ns, 'default', { enumerable: true, value: value });\\\\n \\\\t\\\\tif(mode & 2 && typeof value != 'string') for(var key in value) __webpack_require__.d(ns, key, function(key) { return value[key]; }.bind(null, key));\\\\n \\\\t\\\\treturn ns;\\\\n \\\\t};\\\\n\\\\n \\\\t// getDefaultExport function for compatibility with non-harmony modules\\\\n \\\\t__webpack_require__.n = function(module) {\\\\n \\\\t\\\\tvar getter = module && module.__esModule ?\\\\n \\\\t\\\\t\\\\tfunction getDefault() { return module['default']; } :\\\\n \\\\t\\\\t\\\\tfunction getModuleExports() { return module; };\\\\n \\\\t\\\\t__webpack_require__.d(getter, 'a', getter);\\\\n \\\\t\\\\treturn getter;\\\\n \\\\t};\\\\n\\\\n \\\\t// Object.prototype.hasOwnProperty.call\\\\n \\\\t__webpack_require__.o = function(object, property) { return Object.prototype.hasOwnProperty.call(object, property); };\\\\n\\\\n \\\\t// __webpack_public_path__\\\\n \\\\t__webpack_require__.p = \\\\\\"\\\\\\";\\\\n\\\\n\\\\n \\\\t// Load entry module and return exports\\\\n \\\\treturn __webpack_require__(__webpack_require__.s = 0);\\\\n\\",\\"export const fibonacci = (n) => {\\\\n  if (n === 3) {\\\\n    throw new Error(\\\\\\"I'm an uncaught error\\\\\\");\\\\n  }\\\\n  if (n <= 1) {\\\\n    return n;\\\\n  }\\\\n  return fibonacci(n - 1) + fibonacci(n - 2);\\\\n};\\\\n\\",\\"\\\\n    var _global =\\\\n      typeof window !== 'undefined' ?\\\\n        window :\\\\n        typeof global !== 'undefined' ?\\\\n          global :\\\\n          typeof self !== 'undefined' ?\\\\n            self :\\\\n            {};\\\\n\\\\n    _global.SENTRY_RELEASE={id:\\\\\\"basic-upload-webpack4\\\\\\"};import { fibonacci } from \\\\\\"./fib\\\\\\";\\\\nconsole.log(\\\\\\"Hi, I'm a very simple app\\\\\\");\\\\n\\\\nfibonacci(10);\\\\n\\\\nconsole.log(\\\\\\"I'm done\\\\\\");\\\\n\\"],\\"names\\":[\\"installedModules\\",\\"__webpack_require__\\",\\"moduleId\\",\\"exports\\",\\"module\\",\\"i\\",\\"l\\",\\"modules\\",\\"call\\",\\"m\\",\\"c\\",\\"d\\",\\"name\\",\\"getter\\",\\"o\\",\\"Object\\",\\"defineProperty\\",\\"enumerable\\",\\"get\\",\\"r\\",\\"Symbol\\",\\"toStringTag\\",\\"value\\",\\"t\\",\\"mode\\",\\"__esModule\\",\\"ns\\",\\"create\\",\\"key\\",\\"bind\\",\\"n\\",\\"object\\",\\"property\\",\\"prototype\\",\\"hasOwnProperty\\",\\"p\\",\\"s\\",\\"fibonacci\\",\\"Error\\",\\"window\\",\\"global\\",\\"self\\",\\"SENTRY_RELEASE\\",\\"id\\",\\"console\\",\\"log\\"],\\"mappings\\":\\"6DACE,IAAIA,EAAmB,GAGvB,SAASC,EAAoBC,GAG5B,GAAGF,EAAiBE,GACnB,OAAOF,EAAiBE,GAAUC,QAGnC,IAAIC,EAASJ,EAAiBE,GAAY,CACzCG,EAAGH,EACHI,GAAG,EACHH,QAAS,IAUV,OANAI,EAAQL,GAAUM,KAAKJ,EAAOD,QAASC,EAAQA,EAAOD,QAASF,GAG/DG,EAAOE,GAAI,EAGJF,EAAOD,QA0Df,OArDAF,EAAoBQ,EAAIF,EAGxBN,EAAoBS,EAAIV,EAGxBC,EAAoBU,EAAI,SAASR,EAASS,EAAMC,GAC3CZ,EAAoBa,EAAEX,EAASS,IAClCG,OAAOC,eAAeb,EAASS,EAAM,CAAEK,YAAY,EAAMC,IAAKL,KAKhEZ,EAAoBkB,EAAI,SAAShB,GACX,oBAAXiB,QAA0BA,OAAOC,aAC1CN,OAAOC,eAAeb,EAASiB,OAAOC,YAAa,CAAEC,MAAO,WAE7DP,OAAOC,eAAeb,EAAS,aAAc,CAAEmB,OAAO,KAQvDrB,EAAoBsB,EAAI,SAASD,EAAOE,GAEvC,GADU,EAAPA,IAAUF,EAAQrB,EAAoBqB,IAC/B,EAAPE,EAAU,OAAOF,EACpB,GAAW,EAAPE,GAA8B,iBAAVF,GAAsBA,GAASA,EAAMG,WAAY,OAAOH,EAChF,IAAII,EAAKX,OAAOY,OAAO,MAGvB,GAFA1B,EAAoBkB,EAAEO,GACtBX,OAAOC,eAAeU,EAAI,UAAW,CAAET,YAAY,EAAMK,MAAOA,IACtD,EAAPE,GAA4B,iBAATF,EAAmB,IAAI,IAAIM,KAAON,EAAOrB,EAAoBU,EAAEe,EAAIE,EAAK,SAASA,GAAO,OAAON,EAAMM,IAAQC,KAAK,KAAMD,IAC9I,OAAOF,GAIRzB,EAAoB6B,EAAI,SAAS1B,GAChC,IAAIS,EAAST,GAAUA,EAAOqB,WAC7B,WAAwB,OAAOrB,EAAgB,SAC/C,WAA8B,OAAOA,GAEtC,OADAH,EAAoBU,EAAEE,EAAQ,IAAKA,GAC5BA,GAIRZ,EAAoBa,EAAI,SAASiB,EAAQC,GAAY,OAAOjB,OAAOkB,UAAUC,eAAe1B,KAAKuB,EAAQC,IAGzG/B,EAAoBkC,EAAI,GAIjBlC,EAAoBA,EAAoBmC,EAAI,G,sCClF9C,MAAMC,EAAaP,IACxB,GAAU,IAANA,EACF,MAAM,IAAIQ,MAAM,yBAElB,OAAIR,GAAK,EACAA,EAEFO,EAAUP,EAAI,GAAKO,EAAUP,EAAI,KCLlB,oBAAXS,OACLA,OACkB,oBAAXC,OACLA,OACgB,oBAATC,KACLA,KACA,IAEAC,eAAe,CAACC,GAAG,yBAC/BC,QAAQC,IAAI,6BAEZR,EAAU,IAEVO,QAAQC,IAAI\\"}",
    "name": "~/index.js.map",
  },
]
`;

exports[`Simple Sourcemaps Upload (one string include + default options) uploads the correct files using webpack5 1`] = `
Array [
  Object {
    "content": "(()=>{\\"use strict\\";var e={};e.g=function(){if(\\"object\\"==typeof globalThis)return globalThis;try{return this||new Function(\\"return this\\")()}catch(e){if(\\"object\\"==typeof window)return window}}(),e.r=e=>{\\"undefined\\"!=typeof Symbol&&Symbol.toStringTag&&Object.defineProperty(e,Symbol.toStringTag,{value:\\"Module\\"}),Object.defineProperty(e,\\"__esModule\\",{value:!0})};var o={};e.r(o);const r=e=>{if(3===e)throw new Error(\\"I'm an uncaught error\\");return e<=1?e:r(e-1)+r(e-2)};(\\"undefined\\"!=typeof window?window:void 0!==e.g?e.g:\\"undefined\\"!=typeof self?self:{}).SENTRY_RELEASE={id:\\"basic-upload-webpack5\\"},console.log(\\"Hi, I'm a very simple app\\"),r(10),console.log(\\"I'm done\\");var t=exports;for(var n in o)t[n]=o[n];o.__esModule&&Object.defineProperty(t,\\"__esModule\\",{value:!0})})();
//# sourceMappingURL=index.js.map",
    "name": "~/index.js",
  },
  Object {
    "content": "{\\"version\\":3,\\"file\\":\\"index.js\\",\\"sources\\":[\\"webpack://@sentry-internal/bundler-plugin-e2e-tests/webpack/bootstrap\\",\\"webpack://@sentry-internal/bundler-plugin-e2e-tests/webpack/runtime/global\\",\\"webpack://@sentry-internal/bundler-plugin-e2e-tests/webpack/runtime/make namespace object\\",\\"webpack://@sentry-internal/bundler-plugin-e2e-tests/./scenarios/basic-upload/input/fib.js\\",\\"webpack://@sentry-internal/bundler-plugin-e2e-tests/./scenarios/basic-upload/input/index.js\\"],\\"sourcesContent\\":[\\"// The require scope\\\\nvar __webpack_require__ = {};\\\\n\\\\n\\",\\"__webpack_require__.g = (function() {\\\\n\\\\tif (typeof globalThis === 'object') return globalThis;\\\\n\\\\ttry {\\\\n\\\\t\\\\treturn this || new Function('return this')();\\\\n\\\\t} catch (e) {\\\\n\\\\t\\\\tif (typeof window === 'object') return window;\\\\n\\\\t}\\\\n})();\\",\\"// define __esModule on exports\\\\n__webpack_require__.r = (exports) => {\\\\n\\\\tif(typeof Symbol !== 'undefined' && Symbol.toStringTag) {\\\\n\\\\t\\\\tObject.defineProperty(exports, Symbol.toStringTag, { value: 'Module' });\\\\n\\\\t}\\\\n\\\\tObject.defineProperty(exports, '__esModule', { value: true });\\\\n};\\",\\"export const fibonacci = (n) => {\\\\n  if (n === 3) {\\\\n    throw new Error(\\\\\\"I'm an uncaught error\\\\\\");\\\\n  }\\\\n  if (n <= 1) {\\\\n    return n;\\\\n  }\\\\n  return fibonacci(n - 1) + fibonacci(n - 2);\\\\n};\\\\n\\",\\"\\\\n    var _global =\\\\n      typeof window !== 'undefined' ?\\\\n        window :\\\\n        typeof global !== 'undefined' ?\\\\n          global :\\\\n          typeof self !== 'undefined' ?\\\\n            self :\\\\n            {};\\\\n\\\\n    _global.SENTRY_RELEASE={id:\\\\\\"basic-upload-webpack5\\\\\\"};import { fibonacci } from \\\\\\"./fib\\\\\\";\\\\nconsole.log(\\\\\\"Hi, I'm a very simple app\\\\\\");\\\\n\\\\nfibonacci(10);\\\\n\\\\nconsole.log(\\\\\\"I'm done\\\\\\");\\\\n\\"],\\"names\\":[\\"__webpack_require__\\",\\"g\\",\\"globalThis\\",\\"this\\",\\"Function\\",\\"e\\",\\"window\\",\\"r\\",\\"exports\\",\\"Symbol\\",\\"toStringTag\\",\\"Object\\",\\"defineProperty\\",\\"value\\",\\"fibonacci\\",\\"n\\",\\"Error\\",\\"self\\",\\"SENTRY_RELEASE\\",\\"id\\",\\"console\\",\\"log\\"],\\"mappings\\":\\"mBACA,IAAIA,EAAsB,CAAC,ECD3BA,EAAoBC,EAAI,WACvB,GAA0B,iBAAfC,WAAyB,OAAOA,WAC3C,IACC,OAAOC,MAAQ,IAAIC,SAAS,cAAb,EAGhB,CAFE,MAAOC,GACR,GAAsB,iBAAXC,OAAqB,OAAOA,MACxC,CACA,CAPuB,GCCxBN,EAAoBO,EAAKC,IACH,oBAAXC,QAA0BA,OAAOC,aAC1CC,OAAOC,eAAeJ,EAASC,OAAOC,YAAa,CAAEG,MAAO,WAE7DF,OAAOC,eAAeJ,EAAS,aAAc,CAAEK,OAAO,GAAO,E,gBCLvD,MAAMC,EAAaC,IACxB,GAAU,IAANA,EACF,MAAM,IAAIC,MAAM,yBAElB,OAAID,GAAK,EACAA,EAEFD,EAAUC,EAAI,GAAKD,EAAUC,EAAI,EAAE,GCLpB,oBAAXT,OACLA,YACkB,IAAX,EAAAL,EACL,EAAAA,EACgB,oBAATgB,KACLA,KACA,CAAC,GAEDC,eAAe,CAACC,GAAG,yBAC/BC,QAAQC,IAAI,6BAEZP,EAAU,IAEVM,QAAQC,IAAI,Y\\"}",
    "name": "~/index.js.map",
  },
]
`;
